[wizardoflegend.com/index.html]
[backblue.gif]
[fade.gif]
[index.html]
[wizardoflegend.com/favicon.ico]
[ajax.googleapis.com/ajax/libs/jquery/3.2.1/jquery.min.js]
[wizardoflegend.com/index.js]
[www.google-analytics.com/analytics.js]
[static.xsolla.com/embed/pay2play/2.1.5/widget.min.js]
[wizardoflegend.com/press/wizard_of_legend/index.html]
[wizardoflegend.com/changelog5c90.html]
[wizardoflegend.com/youtube_logo.png]
[wizardoflegend.com/facebook_logo.png]
[wizardoflegend.com/twitter_logo.png]
[wizardoflegend.com/hero_img.jpg]
[wizardoflegend.com/available_now.png]
[wizardoflegend.com/os_logos.png]
[wizardoflegend.com/console_logo.png]
[wizardoflegend.com/steam_logo.png]
[wizardoflegend.com/humble_logo.png]
[wizardoflegend.com/gog_logo.png]
[wizardoflegend.com/switch_logo.png]
[wizardoflegend.com/ps4_logo.png]
[wizardoflegend.com/xbox_logo.png]
[wizardoflegend.com/header_line_left.png]
[wizardoflegend.com/header_line_right.png]
[wizardoflegend.com/earthstage.png]
[wizardoflegend.com/earthfight.webm]
[wizardoflegend.com/spellbook.jpg]
[wizardoflegend.com/tomi.webm]
[wizardoflegend.com/coop.webm]
[wizardoflegend.com/contingent99.png]
[wizardoflegend.com/pegi.jpg]
[wizardoflegend.com/cero.gif]
[wizardoflegend.com/esrb10.gif]
[wizardoflegend.com/psfamilylogo.png]
[wizardoflegend.com/ps4_logo_mini.png]
[wizardoflegend.com/index.html]
[wizardoflegend.com/top-gradient.png]
[wizardoflegend.com/main0816.css]
[cdnjs.cloudflare.com/ajax/libs/uikit/1.2.0/css/uikit.gradient.min.css]
[wizardoflegend.com/press/wizard_of_legend/images/nav_image.png]
[wizardoflegend.com/press/wizard_of_legend/images/header.png]
[wizardoflegend.com/press/index.html]
[wizardoflegend.com/coop.png]
[wizardoflegend.com/press/wizard_of_legend/images/images.zip]
[wizardoflegend.com/press/wizard_of_legend/images/Wizard_of_Legend_SCREENSHOT0.png]
[wizardoflegend.com/press/wizard_of_legend/images/Wizard_of_Legend_SCREENSHOT1.png]
[wizardoflegend.com/press/wizard_of_legend/images/Wizard_of_Legend_SCREENSHOT2.png]
[wizardoflegend.com/press/wizard_of_legend/images/Wizard_of_Legend_SCREENSHOT3.png]
[wizardoflegend.com/press/wizard_of_legend/images/Wizard_of_Legend_SCREENSHOT4.png]
[wizardoflegend.com/press/wizard_of_legend/images/Wizard_of_Legend_SCREENSHOT5.png]
[wizardoflegend.com/press/wizard_of_legend/images/Wizard_of_Legend_SCREENSHOT6.png]
[wizardoflegend.com/press/wizard_of_legend/images/Wizard_of_Legend_SCREENSHOT7.png]
[wizardoflegend.com/press/wizard_of_legend/images/Wizard_of_Legend_SCREENSHOT8.gif]
[wizardoflegend.com/press/wizard_of_legend/images/Wizard_of_Legend_SCREENSHOT9.gif]
[wizardoflegend.com/press/wizard_of_legend/images/Wizard_of_Legend_Wallpaper.png]
[wizardoflegend.com/press/wizard_of_legend/images/Wizard_of_Legend_Wallpaper_No_Logo.png]
[wizardoflegend.com/press/wizard_of_legend/images/Wizard_of_Legend_Wallpaper2.png]
[wizardoflegend.com/press/wizard_of_legend/images/logo.zip]
[wizardoflegend.com/press/wizard_of_legend/images/logo_transparent.png]
[wizardoflegend.com/press/wizard_of_legend/images/logo_dark.png]
[wizardoflegend.com/press/wizard_of_legend/images/logo_shadow.png]
[wizardoflegend.com/press/credits.html]
[ajax.googleapis.com/ajax/libs/jquery/1.10.2/jquery.min.js]
[cdnjs.cloudflare.com/ajax/libs/jquery.imagesloaded/3.0.4/jquery.imagesloaded.js]
[wizardoflegend.com/press/wizard_of_legend/index.html]
[cdnjs.cloudflare.com/ajax/libs/masonry/3.1.2/masonry.pkgd.min.js]
[wizardoflegend.com/changelog5c90.html]
[cdnjs.cloudflare.com/ajax/libs/uikit/1.2.0/css/uikit.gradient.min.css]
[wizardoflegend.com/press/style.css]
[wizardoflegend.com/press/images/nav_image.png]
[wizardoflegend.com/press/images/header.png]
[wizardoflegend.com/press/images/logo.png]
[wizardoflegend.com/press/index.html]
[wizardoflegend.com/press/credits.html]
[wizardoflegend.com/mainbb9e.css]
